// Jest Snapshot v1, https://goo.gl/fbAQLP

exports[`App has a valid snapshot 1`] = `
<div
  className="App"
  id="App"
>
  <div
    id="Navbar"
  >
    <nav
      aria-label="main navigation"
      className="navbar is-transparent"
      role="navigation"
    >
      <div
        className="navbar-brand"
      >
        <a
          className="navbar-item"
          href="/"
          onClick={[Function]}
        >
          <img
            alt="Logo"
            src="logo_transparent.png"
          />
        </a>
        <a
          aria-expanded="false"
          aria-label="menu"
          className="navbar-burger burger"
          data-target="navbarBasicExample"
          role="button"
        >
          <span
            aria-hidden="true"
          />
          <span
            aria-hidden="true"
          />
          <span
            aria-hidden="true"
          />
        </a>
      </div>
      <div
        className="navbar-menu"
        id="navbarBasicExample"
      >
        <div
          className="navbar-start"
        >
          <a
            className="navbar-item"
            href="/"
            onClick={[Function]}
          >
            Home
          </a>
        </div>
        <div
          className="navbar-end"
        >
          <div
            className="navbar-item"
          >
            <div
              className="buttons"
            >
              <div>
                <a
                  className="button is-primary"
                  href="/signup"
                  onClick={[Function]}
                >
                  <strong>
                    Sign up
                  </strong>
                </a>
                <a
                  className="button is-link"
                  href="/login"
                  onClick={[Function]}
                >
                  Log in
                </a>
              </div>
            </div>
          </div>
        </div>
      </div>
    </nav>
  </div>
  <div
    className="container"
  >
    <div
      id="Welcome"
    >
      <h1
        className="title"
      >
        Welcome to Gym Partner!
      </h1>
    </div>
  </div>
</div>
`;
