// Jest Snapshot v1, https://goo.gl/fbAQLP

exports[`Button has a valid snapshot 1`] = `
<button
  className="button is-link"
  onClick={[Function]}
>
  I am a button
</button>
`;

exports[`Logo has a valid snapshot 1`] = `
<img
  alt="logo"
  className="Logo-unanimated"
  src="logo_transparent.png"
/>
`;

exports[`Notification has a valid snapshot 1`] = `
<div
  className="notification is-info is-medium"
>
  I'm a notification.
</div>
`;
