// Jest Snapshot v1, https://goo.gl/fbAQLP

exports[`Login has a valid snapshot 1`] = `
<div
  id="Login"
>
  <img
    alt="logo"
    className="Logo-animated"
    src="logo_transparent.png"
  />
  <div
    className="box"
  >
    <form
      onSubmit={[Function]}
    >
      
      <div
        className="field"
      >
        <label
          className="label"
        >
          Email:
        </label>
        <div
          className="control"
        >
          <input
            className="input"
            name="email"
            onChange={[Function]}
            placeholder="your@email.com"
            type="email"
            value=""
          />
        </div>
      </div>
      <div
        className="field"
      >
        <label
          className="label"
        >
          Password:
        </label>
        <div
          className="control"
        >
          <input
            className="input"
            name="password"
            onChange={[Function]}
            type="password"
            value=""
          />
        </div>
      </div>
      <div
        className="field"
      >
        <div
          className="control"
        >
          <button
            className="button is-info"
            onClick={[Function]}
          >
            Log in
          </button>
        </div>
      </div>
      <div>
        <p>
          Don't have an account? 
          <a
            href="/signup"
          >
            Sign up
          </a>
          .
        </p>
      </div>
    </form>
  </div>
</div>
`;
