// Jest Snapshot v1, https://goo.gl/fbAQLP

exports[`Login has a valid snapshot 1`] = `
<div
  id="Login"
>
  <h1
    className="login-title"
  >
    Log in
  </h1>
  <form
    className="column is-6 box"
    onSubmit={[Function]}
  >
    <div
      className="field"
    >
      <label
        className="label"
      >
        Email:
      </label>
      <div
        className="control"
      >
        <input
          className="input"
          id="email-input"
          name="email"
          onChange={[Function]}
          placeholder="your@email.com"
          type="email"
          value=""
        />
      </div>
    </div>
    <div
      className="field"
    >
      <label
        className="label"
      >
        Password:
      </label>
      <div
        className="control"
      >
        <input
          className="input"
          id="password-input"
          name="password"
          onChange={[Function]}
          type="password"
          value=""
        />
      </div>
    </div>
    <div
      className="field"
    >
      <div
        className="control"
      >
        <button
          className="button is-link"
        >
          Log in
        </button>
      </div>
    </div>
    <p>
      Don't have an account? 
      <a
        href="/signup"
        onClick={[Function]}
      >
        Sign up
      </a>
      .
    </p>
  </form>
</div>
`;
