// Jest Snapshot v1, https://goo.gl/fbAQLP

exports[`Signup has a valid snapshot 1`] = `
<div
  id="Signup"
>
  <h1
    className="signup-title"
  >
    Sign up
  </h1>
  <form
    className="column is-6 box"
  >
    
    <div
      className="field"
    >
      <label
        className="label"
      >
        Name:
      </label>
      <div
        className="control"
      >
        <input
          className="input"
          id="name-input"
          name="name"
          onChange={[Function]}
          placeholder="Your name"
          type="text"
          value=""
        />
      </div>
    </div>
    <div
      className="field"
    >
      <label
        className="label"
      >
        Email:
      </label>
      <div
        className="control"
      >
        <input
          className="input"
          id="email-input"
          name="email"
          onChange={[Function]}
          placeholder="your@email.com"
          type="email"
          value=""
        />
      </div>
    </div>
    <div
      className="field"
    >
      <label
        className="label"
      >
        Password:
      </label>
      <div
        className="control"
      >
        <input
          className="input"
          id="password-input"
          name="password"
          onChange={[Function]}
          type="password"
          value=""
        />
      </div>
    </div>
    <div
      className="field"
    >
      <label
        className="label"
      >
        Password confirmation:
      </label>
      <div
        className="control"
      >
        <input
          className="input"
          id="password-confirmation-input"
          name="passwordConfirmation"
          onChange={[Function]}
          type="password"
          value=""
        />
      </div>
    </div>
    <div
      className="field"
    >
      <div
        className="control"
      >
        <button
          className="button is-link"
        >
          Sign up
        </button>
      </div>
    </div>
    <p
      className="is-size-6"
    >
      Already have an account? 
      <a
        href="/login"
      >
        Log in
      </a>
      .
    </p>
  </form>
</div>
`;
